[0930/204610.616:INFO:CONSOLE(13)] "THREE.ColladaLoader: File version 1.4.0", source: file:///C:/Program%20Files/AnyLogic%208.9%20Personal%20Learning%20Edition/plugins/com.anylogic.graphics3d_8.9.10.202609231424/static/init.js (13)
[0930/204610.637:INFO:CONSOLE(13)] "Loaded: file:C:/Users/barre/OneDrive/Documentos/Universidad/Compu_simulation/lab 4/5.5/Road Traffic/3d/car.dae", source: file:///C:/Program%20Files/AnyLogic%208.9%20Personal%20Learning%20Edition/plugins/com.anylogic.graphics3d_8.9.10.202609231424/static/init.js (13)
[0930/204610.644:INFO:CONSOLE(13)] "Loaded: file:C:/Users/barre/OneDrive/Documentos/Universidad/Compu_simulation/lab 4/5.5/Road Traffic/3d/car.dae", source: file:///C:/Program%20Files/AnyLogic%208.9%20Personal%20Learning%20Edition/plugins/com.anylogic.graphics3d_8.9.10.202609231424/static/init.js (13)
[0930/204610.758:INFO:CONSOLE(13)] "THREE.ColladaLoader: File version 1.4.0", source: file:///C:/Program%20Files/AnyLogic%208.9%20Personal%20Learning%20Edition/plugins/com.anylogic.graphics3d_8.9.10.202609231424/static/init.js (13)
[0930/204610.811:INFO:CONSOLE(13)] "Loaded: file:C:/Users/barre/OneDrive/Documentos/Universidad/Compu_simulation/lab 4/5.5/Road Traffic/3d/bus_1.dae", source: file:///C:/Program%20Files/AnyLogic%208.9%20Personal%20Learning%20Edition/plugins/com.anylogic.graphics3d_8.9.10.202609231424/static/init.js (13)
[0930/204610.819:INFO:CONSOLE(13)] "Loaded: file:C:/Users/barre/OneDrive/Documentos/Universidad/Compu_simulation/lab 4/5.5/Road Traffic/3d/bus_1.dae", source: file:///C:/Program%20Files/AnyLogic%208.9%20Personal%20Learning%20Edition/plugins/com.anylogic.graphics3d_8.9.10.202609231424/static/init.js (13)
[0930/204737.182:INFO:CONSOLE(13)] "THREE.ColladaLoader: File version 1.4.1", source: file:///C:/Program%20Files/AnyLogic%208.9%20Personal%20Learning%20Edition/plugins/com.anylogic.graphics3d_8.9.10.202609231424/static/init.js (13)
[0930/204737.201:INFO:CONSOLE(13)] "Loaded: file:C:/Users/barre/OneDrive/Documentos/Universidad/Compu_simulation/lab 4/5.5/Lead Acid Battery Production/3d/Pasting_machine.dae", source: file:///C:/Program%20Files/AnyLogic%208.9%20Personal%20Learning%20Edition/plugins/com.anylogic.graphics3d_8.9.10.202609231424/static/init.js (13)
[0930/204737.209:INFO:CONSOLE(13)] "Loaded: file:C:/Users/barre/OneDrive/Documentos/Universidad/Compu_simulation/lab 4/5.5/Lead Acid Battery Production/3d/Pasting_machine.dae", source: file:///C:/Program%20Files/AnyLogic%208.9%20Personal%20Learning%20Edition/plugins/com.anylogic.graphics3d_8.9.10.202609231424/static/init.js (13)
[0930/204737.225:INFO:CONSOLE(13)] "THREE.ColladaLoader: File version 1.4.1", source: file:///C:/Program%20Files/AnyLogic%208.9%20Personal%20Learning%20Edition/plugins/com.anylogic.graphics3d_8.9.10.202609231424/static/init.js (13)
[0930/204737.234:INFO:CONSOLE(13)] "Loaded: file:C:/Users/barre/OneDrive/Documentos/Universidad/Compu_simulation/lab 4/5.5/Lead Acid Battery Production/3d/Drying_chamber.dae", source: file:///C:/Program%20Files/AnyLogic%208.9%20Personal%20Learning%20Edition/plugins/com.anylogic.graphics3d_8.9.10.202609231424/static/init.js (13)
[0930/204737.244:INFO:CONSOLE(13)] "Loaded: file:C:/Users/barre/OneDrive/Documentos/Universidad/Compu_simulation/lab 4/5.5/Lead Acid Battery Production/3d/Drying_chamber.dae", source: file:///C:/Program%20Files/AnyLogic%208.9%20Personal%20Learning%20Edition/plugins/com.anylogic.graphics3d_8.9.10.202609231424/static/init.js (13)
[0930/204737.281:INFO:CONSOLE(13)] "THREE.ColladaLoader: File version 1.4.1", source: file:///C:/Program%20Files/AnyLogic%208.9%20Personal%20Learning%20Edition/plugins/com.anylogic.graphics3d_8.9.10.202609231424/static/init.js (13)
[0930/204737.305:INFO:CONSOLE(13)] "Loaded: file:C:/Users/barre/OneDrive/Documentos/Universidad/Compu_simulation/lab 4/5.5/Lead Acid Battery Production/3d/Plate_enveloper.dae", source: file:///C:/Program%20Files/AnyLogic%208.9%20Personal%20Learning%20Edition/plugins/com.anylogic.graphics3d_8.9.10.202609231424/static/init.js (13)
[0930/204737.315:INFO:CONSOLE(13)] "Loaded: file:C:/Users/barre/OneDrive/Documentos/Universidad/Compu_simulation/lab 4/5.5/Lead Acid Battery Production/3d/Plate_enveloper.dae", source: file:///C:/Program%20Files/AnyLogic%208.9%20Personal%20Learning%20Edition/plugins/com.anylogic.graphics3d_8.9.10.202609231424/static/init.js (13)
[0930/204737.351:INFO:CONSOLE(13)] "THREE.ColladaLoader: File version 1.4.1", source: file:///C:/Program%20Files/AnyLogic%208.9%20Personal%20Learning%20Edition/plugins/com.anylogic.graphics3d_8.9.10.202609231424/static/init.js (13)
[0930/204737.364:INFO:CONSOLE(13)] "Loaded: file:C:/Users/barre/OneDrive/Documentos/Universidad/Compu_simulation/lab 4/5.5/Lead Acid Battery Production/3d/Heat_sealing_machine.dae", source: file:///C:/Program%20Files/AnyLogic%208.9%20Personal%20Learning%20Edition/plugins/com.anylogic.graphics3d_8.9.10.202609231424/static/init.js (13)
[0930/204737.371:INFO:CONSOLE(13)] "Loaded: file:C:/Users/barre/OneDrive/Documentos/Universidad/Compu_simulation/lab 4/5.5/Lead Acid Battery Production/3d/Heat_sealing_machine.dae", source: file:///C:/Program%20Files/AnyLogic%208.9%20Personal%20Learning%20Edition/plugins/com.anylogic.graphics3d_8.9.10.202609231424/static/init.js (13)
[0930/204737.410:INFO:CONSOLE(13)] "THREE.ColladaLoader: File version 1.4.1", source: file:///C:/Program%20Files/AnyLogic%208.9%20Personal%20Learning%20Edition/plugins/com.anylogic.graphics3d_8.9.10.202609231424/static/init.js (13)
[0930/204737.425:INFO:CONSOLE(13)] "Loaded: file:C:/Users/barre/OneDrive/Documentos/Universidad/Compu_simulation/lab 4/5.5/Lead Acid Battery Production/3d/Leakage_testing_machine.dae", source: file:///C:/Program%20Files/AnyLogic%208.9%20Personal%20Learning%20Edition/plugins/com.anylogic.graphics3d_8.9.10.202609231424/static/init.js (13)
[0930/204737.430:INFO:CONSOLE(13)] "Loaded: file:C:/Users/barre/OneDrive/Documentos/Universidad/Compu_simulation/lab 4/5.5/Lead Acid Battery Production/3d/Leakage_testing_machine.dae", source: file:///C:/Program%20Files/AnyLogic%208.9%20Personal%20Learning%20Edition/plugins/com.anylogic.graphics3d_8.9.10.202609231424/static/init.js (13)
[0930/204737.452:INFO:CONSOLE(13)] "THREE.ColladaLoader: File version 1.4.1", source: file:///C:/Program%20Files/AnyLogic%208.9%20Personal%20Learning%20Edition/plugins/com.anylogic.graphics3d_8.9.10.202609231424/static/init.js (13)
[0930/204737.503:INFO:CONSOLE(13)] "Loaded: file:C:/Users/barre/OneDrive/Documentos/Universidad/Compu_simulation/lab 4/5.5/Lead Acid Battery Production/3d/Filling_machine.dae", source: file:///C:/Program%20Files/AnyLogic%208.9%20Personal%20Learning%20Edition/plugins/com.anylogic.graphics3d_8.9.10.202609231424/static/init.js (13)
[0930/204737.511:INFO:CONSOLE(13)] "Loaded: file:C:/Users/barre/OneDrive/Documentos/Universidad/Compu_simulation/lab 4/5.5/Lead Acid Battery Production/3d/Filling_machine.dae", source: file:///C:/Program%20Files/AnyLogic%208.9%20Personal%20Learning%20Edition/plugins/com.anylogic.graphics3d_8.9.10.202609231424/static/init.js (13)
[0930/204737.530:INFO:CONSOLE(13)] "THREE.ColladaLoader: File version 1.4.0", source: file:///C:/Program%20Files/AnyLogic%208.9%20Personal%20Learning%20Edition/plugins/com.anylogic.graphics3d_8.9.10.202609231424/static/init.js (13)
[0930/204737.535:INFO:CONSOLE(13)] "Loaded: file:C:/Users/barre/OneDrive/Documentos/Universidad/Compu_simulation/lab 4/5.5/Lead Acid Battery Production/3d/cnc_cutting_machine_3_state_1.dae", source: file:///C:/Program%20Files/AnyLogic%208.9%20Personal%20Learning%20Edition/plugins/com.anylogic.graphics3d_8.9.10.202609231424/static/init.js (13)
[0930/204737.541:INFO:CONSOLE(13)] "Loaded: file:C:/Users/barre/OneDrive/Documentos/Universidad/Compu_simulation/lab 4/5.5/Lead Acid Battery Production/3d/cnc_cutting_machine_3_state_1.dae", source: file:///C:/Program%20Files/AnyLogic%208.9%20Personal%20Learning%20Edition/plugins/com.anylogic.graphics3d_8.9.10.202609231424/static/init.js (13)
[0930/204737.559:INFO:CONSOLE(13)] "THREE.ColladaLoader: File version 1.4.1", source: file:///C:/Program%20Files/AnyLogic%208.9%20Personal%20Learning%20Edition/plugins/com.anylogic.graphics3d_8.9.10.202609231424/static/init.js (13)
[0930/204737.577:INFO:CONSOLE(13)] "Loaded: file:C:/Users/barre/OneDrive/Documentos/Universidad/Compu_simulation/lab 4/5.5/Lead Acid Battery Production/3d/COS_part_1.dae", source: file:///C:/Program%20Files/AnyLogic%208.9%20Personal%20Learning%20Edition/plugins/com.anylogic.graphics3d_8.9.10.202609231424/static/init.js (13)
[0930/204737.582:INFO:CONSOLE(13)] "Loaded: file:C:/Users/barre/OneDrive/Documentos/Universidad/Compu_simulation/lab 4/5.5/Lead Acid Battery Production/3d/COS_part_1.dae", source: file:///C:/Program%20Files/AnyLogic%208.9%20Personal%20Learning%20Edition/plugins/com.anylogic.graphics3d_8.9.10.202609231424/static/init.js (13)
[0930/204737.596:INFO:CONSOLE(13)] "THREE.ColladaLoader: File version 1.4.1", source: file:///C:/Program%20Files/AnyLogic%208.9%20Personal%20Learning%20Edition/plugins/com.anylogic.graphics3d_8.9.10.202609231424/static/init.js (13)
[0930/204737.601:INFO:CONSOLE(13)] "Loaded: file:C:/Users/barre/OneDrive/Documentos/Universidad/Compu_simulation/lab 4/5.5/Lead Acid Battery Production/3d/COS_part_2.dae", source: file:///C:/Program%20Files/AnyLogic%208.9%20Personal%20Learning%20Edition/plugins/com.anylogic.graphics3d_8.9.10.202609231424/static/init.js (13)
[0930/204737.606:INFO:CONSOLE(13)] "Loaded: file:C:/Users/barre/OneDrive/Documentos/Universidad/Compu_simulation/lab 4/5.5/Lead Acid Battery Production/3d/COS_part_2.dae", source: file:///C:/Program%20Files/AnyLogic%208.9%20Personal%20Learning%20Edition/plugins/com.anylogic.graphics3d_8.9.10.202609231424/static/init.js (13)
[0930/204808.117:ERROR:gpu_init.cc(523)] Passthrough is not supported, GL is disabled, ANGLE is 
[0930/204815.855:INFO:CONSOLE(13)] "THREE.ColladaLoader: File version 1.4.0", source: file:///C:/Program%20Files/AnyLogic%208.9%20Personal%20Learning%20Edition/plugins/com.anylogic.graphics3d_8.9.10.202609231424/static/init.js (13)
[0930/204815.859:INFO:CONSOLE(13)] "Loaded: file:C:/Users/barre/OneDrive/Documentos/Universidad/Compu_simulation/lab 4/5.5/Lead Acid Battery Production/3d/pallet.dae", source: file:///C:/Program%20Files/AnyLogic%208.9%20Personal%20Learning%20Edition/plugins/com.anylogic.graphics3d_8.9.10.202609231424/static/init.js (13)
[0930/204815.867:INFO:CONSOLE(13)] "Loaded: file:C:/Users/barre/OneDrive/Documentos/Universidad/Compu_simulation/lab 4/5.5/Lead Acid Battery Production/3d/pallet.dae", source: file:///C:/Program%20Files/AnyLogic%208.9%20Personal%20Learning%20Edition/plugins/com.anylogic.graphics3d_8.9.10.202609231424/static/init.js (13)
[0930/204815.911:INFO:CONSOLE(13)] "THREE.ColladaLoader: File version 1.4.0", source: file:///C:/Program%20Files/AnyLogic%208.9%20Personal%20Learning%20Edition/plugins/com.anylogic.graphics3d_8.9.10.202609231424/static/init.js (13)
[0930/204815.915:INFO:CONSOLE(13)] "Loaded: file:C:/Users/barre/OneDrive/Documentos/Universidad/Compu_simulation/lab 4/5.5/Lead Acid Battery Production/3d/forklift.dae", source: file:///C:/Program%20Files/AnyLogic%208.9%20Personal%20Learning%20Edition/plugins/com.anylogic.graphics3d_8.9.10.202609231424/static/init.js (13)
[0930/204815.922:INFO:CONSOLE(13)] "Loaded: file:C:/Users/barre/OneDrive/Documentos/Universidad/Compu_simulation/lab 4/5.5/Lead Acid Battery Production/3d/forklift.dae", source: file:///C:/Program%20Files/AnyLogic%208.9%20Personal%20Learning%20Edition/plugins/com.anylogic.graphics3d_8.9.10.202609231424/static/init.js (13)
[0930/204815.957:INFO:CONSOLE(13)] "THREE.ColladaLoader: File version 1.4.0", source: file:///C:/Program%20Files/AnyLogic%208.9%20Personal%20Learning%20Edition/plugins/com.anylogic.graphics3d_8.9.10.202609231424/static/init.js (13)
[0930/204815.977:INFO:CONSOLE(13)] "Loaded: file:C:/Users/barre/OneDrive/Documentos/Universidad/Compu_simulation/lab 4/5.5/Lead Acid Battery Production/3d/sittingworker.dae", source: file:///C:/Program%20Files/AnyLogic%208.9%20Personal%20Learning%20Edition/plugins/com.anylogic.graphics3d_8.9.10.202609231424/static/init.js (13)
[0930/204815.983:INFO:CONSOLE(13)] "Loaded: file:C:/Users/barre/OneDrive/Documentos/Universidad/Compu_simulation/lab 4/5.5/Lead Acid Battery Production/3d/sittingworker.dae", source: file:///C:/Program%20Files/AnyLogic%208.9%20Personal%20Learning%20Edition/plugins/com.anylogic.graphics3d_8.9.10.202609231424/static/init.js (13)
[0930/204816.013:INFO:CONSOLE(13)] "THREE.ColladaLoader: File version 1.4.1", source: file:///C:/Program%20Files/AnyLogic%208.9%20Personal%20Learning%20Edition/plugins/com.anylogic.graphics3d_8.9.10.202609231424/static/init.js (13)
[0930/204816.021:INFO:CONSOLE(13)] "Loaded: file:C:/Users/barre/OneDrive/Documentos/Universidad/Compu_simulation/lab 4/5.5/Lead Acid Battery Production/3d/Plate_group.dae", source: file:///C:/Program%20Files/AnyLogic%208.9%20Personal%20Learning%20Edition/plugins/com.anylogic.graphics3d_8.9.10.202609231424/static/init.js (13)
[0930/204816.026:INFO:CONSOLE(13)] "Loaded: file:C:/Users/barre/OneDrive/Documentos/Universidad/Compu_simulation/lab 4/5.5/Lead Acid Battery Production/3d/Plate_group.dae", source: file:///C:/Program%20Files/AnyLogic%208.9%20Personal%20Learning%20Edition/plugins/com.anylogic.graphics3d_8.9.10.202609231424/static/init.js (13)
[0930/204816.068:INFO:CONSOLE(13)] "THREE.ColladaLoader: File version 1.4.0", source: file:///C:/Program%20Files/AnyLogic%208.9%20Personal%20Learning%20Edition/plugins/com.anylogic.graphics3d_8.9.10.202609231424/static/init.js (13)
[0930/204816.080:INFO:CONSOLE(13)] "Loaded: file:C:/Users/barre/OneDrive/Documentos/Universidad/Compu_simulation/lab 4/5.5/Lead Acid Battery Production/3d/worker.dae", source: file:///C:/Program%20Files/AnyLogic%208.9%20Personal%20Learning%20Edition/plugins/com.anylogic.graphics3d_8.9.10.202609231424/static/init.js (13)
[0930/204816.086:INFO:CONSOLE(13)] "Loaded: file:C:/Users/barre/OneDrive/Documentos/Universidad/Compu_simulation/lab 4/5.5/Lead Acid Battery Production/3d/worker.dae", source: file:///C:/Program%20Files/AnyLogic%208.9%20Personal%20Learning%20Edition/plugins/com.anylogic.graphics3d_8.9.10.202609231424/static/init.js (13)
[0930/204816.133:INFO:CONSOLE(13)] "THREE.ColladaLoader: File version 1.4.1", source: file:///C:/Program%20Files/AnyLogic%208.9%20Personal%20Learning%20Edition/plugins/com.anylogic.graphics3d_8.9.10.202609231424/static/init.js (13)
[0930/204816.139:INFO:CONSOLE(13)] "Loaded: file:C:/Users/barre/OneDrive/Documentos/Universidad/Compu_simulation/lab 4/5.5/Lead Acid Battery Production/3d/Lead_acid_battery.dae", source: file:///C:/Program%20Files/AnyLogic%208.9%20Personal%20Learning%20Edition/plugins/com.anylogic.graphics3d_8.9.10.202609231424/static/init.js (13)
[0930/204816.143:INFO:CONSOLE(13)] "Loaded: file:C:/Users/barre/OneDrive/Documentos/Universidad/Compu_simulation/lab 4/5.5/Lead Acid Battery Production/3d/Lead_acid_battery.dae", source: file:///C:/Program%20Files/AnyLogic%208.9%20Personal%20Learning%20Edition/plugins/com.anylogic.graphics3d_8.9.10.202609231424/static/init.js (13)
[0930/204816.160:INFO:CONSOLE(13)] "THREE.ColladaLoader: File version 1.4.1", source: file:///C:/Program%20Files/AnyLogic%208.9%20Personal%20Learning%20Edition/plugins/com.anylogic.graphics3d_8.9.10.202609231424/static/init.js (13)
[0930/204816.163:INFO:CONSOLE(13)] "Loaded: file:C:/Users/barre/OneDrive/Documentos/Universidad/Compu_simulation/lab 4/5.5/Lead Acid Battery Production/3d/industrial_container_1.dae", source: file:///C:/Program%20Files/AnyLogic%208.9%20Personal%20Learning%20Edition/plugins/com.anylogic.graphics3d_8.9.10.202609231424/static/init.js (13)
[0930/204816.170:INFO:CONSOLE(13)] "Loaded: file:C:/Users/barre/OneDrive/Documentos/Universidad/Compu_simulation/lab 4/5.5/Lead Acid Battery Production/3d/industrial_container_1.dae", source: file:///C:/Program%20Files/AnyLogic%208.9%20Personal%20Learning%20Edition/plugins/com.anylogic.graphics3d_8.9.10.202609231424/static/init.js (13)
