[0930/203952.829:INFO:CONSOLE(13)] "THREE.ColladaLoader: File version 1.4.0", source: file:///C:/Program%20Files/AnyLogic%208.9%20Personal%20Learning%20Edition/plugins/com.anylogic.graphics3d_8.9.10.202609231424/static/init.js (13)
[0930/203952.842:INFO:CONSOLE(13)] "Loaded: file:C:/Users/barre/OneDrive/Documentos/Universidad/Compu_simulation/lab 4/5.5/Bank Office/3d/atm.dae", source: file:///C:/Program%20Files/AnyLogic%208.9%20Personal%20Learning%20Edition/plugins/com.anylogic.graphics3d_8.9.10.202609231424/static/init.js (13)
[0930/203952.855:INFO:CONSOLE(13)] "Loaded: file:C:/Users/barre/OneDrive/Documentos/Universidad/Compu_simulation/lab 4/5.5/Bank Office/3d/atm.dae", source: file:///C:/Program%20Files/AnyLogic%208.9%20Personal%20Learning%20Edition/plugins/com.anylogic.graphics3d_8.9.10.202609231424/static/init.js (13)
[0930/203953.067:INFO:CONSOLE(13)] "Loaded: file:C:/Users/barre/OneDrive/Documentos/Universidad/Compu_simulation/lab 4/5.5/Bank Office/3d/worker_1_f.glb", source: file:///C:/Program%20Files/AnyLogic%208.9%20Personal%20Learning%20Edition/plugins/com.anylogic.graphics3d_8.9.10.202609231424/static/init.js (13)
[0930/203953.075:INFO:CONSOLE(13)] "Loaded: file:C:/Users/barre/OneDrive/Documentos/Universidad/Compu_simulation/lab 4/5.5/Bank Office/3d/worker_1_f.glb", source: file:///C:/Program%20Files/AnyLogic%208.9%20Personal%20Learning%20Edition/plugins/com.anylogic.graphics3d_8.9.10.202609231424/static/init.js (13)
[0930/203953.147:INFO:CONSOLE(13)] "THREE.ColladaLoader: File version 1.4.0", source: file:///C:/Program%20Files/AnyLogic%208.9%20Personal%20Learning%20Edition/plugins/com.anylogic.graphics3d_8.9.10.202609231424/static/init.js (13)
[0930/203953.166:INFO:CONSOLE(13)] "Loaded: file:C:/Users/barre/OneDrive/Documentos/Universidad/Compu_simulation/lab 4/5.5/Bank Office/3d/table.dae", source: file:///C:/Program%20Files/AnyLogic%208.9%20Personal%20Learning%20Edition/plugins/com.anylogic.graphics3d_8.9.10.202609231424/static/init.js (13)
[0930/203953.172:INFO:CONSOLE(13)] "Loaded: file:C:/Users/barre/OneDrive/Documentos/Universidad/Compu_simulation/lab 4/5.5/Bank Office/3d/table.dae", source: file:///C:/Program%20Files/AnyLogic%208.9%20Personal%20Learning%20Edition/plugins/com.anylogic.graphics3d_8.9.10.202609231424/static/init.js (13)
[0930/204019.082:INFO:CONSOLE(13)] "THREE.ColladaLoader: File version 1.4.0", source: file:///C:/Program%20Files/AnyLogic%208.9%20Personal%20Learning%20Edition/plugins/com.anylogic.graphics3d_8.9.10.202609231424/static/init.js (13)
[0930/204019.097:INFO:CONSOLE(13)] "Loaded: file:C:/Users/barre/OneDrive/Documentos/Universidad/Compu_simulation/lab 4/5.5/Job Shop/3d/forklift.dae", source: file:///C:/Program%20Files/AnyLogic%208.9%20Personal%20Learning%20Edition/plugins/com.anylogic.graphics3d_8.9.10.202609231424/static/init.js (13)
[0930/204019.116:INFO:CONSOLE(13)] "Loaded: file:C:/Users/barre/OneDrive/Documentos/Universidad/Compu_simulation/lab 4/5.5/Job Shop/3d/forklift.dae", source: file:///C:/Program%20Files/AnyLogic%208.9%20Personal%20Learning%20Edition/plugins/com.anylogic.graphics3d_8.9.10.202609231424/static/init.js (13)
[0930/204019.146:INFO:CONSOLE(13)] "THREE.ColladaLoader: File version 1.4.0", source: file:///C:/Program%20Files/AnyLogic%208.9%20Personal%20Learning%20Edition/plugins/com.anylogic.graphics3d_8.9.10.202609231424/static/init.js (13)
[0930/204019.176:INFO:CONSOLE(13)] "Loaded: file:C:/Users/barre/OneDrive/Documentos/Universidad/Compu_simulation/lab 4/5.5/Job Shop/3d/sittingworker.dae", source: file:///C:/Program%20Files/AnyLogic%208.9%20Personal%20Learning%20Edition/plugins/com.anylogic.graphics3d_8.9.10.202609231424/static/init.js (13)
[0930/204019.187:INFO:CONSOLE(13)] "Loaded: file:C:/Users/barre/OneDrive/Documentos/Universidad/Compu_simulation/lab 4/5.5/Job Shop/3d/sittingworker.dae", source: file:///C:/Program%20Files/AnyLogic%208.9%20Personal%20Learning%20Edition/plugins/com.anylogic.graphics3d_8.9.10.202609231424/static/init.js (13)
[0930/204019.226:INFO:CONSOLE(13)] "THREE.ColladaLoader: File version 1.4.0", source: file:///C:/Program%20Files/AnyLogic%208.9%20Personal%20Learning%20Edition/plugins/com.anylogic.graphics3d_8.9.10.202609231424/static/init.js (13)
[0930/204019.232:INFO:CONSOLE(13)] "Loaded: file:C:/Users/barre/OneDrive/Documentos/Universidad/Compu_simulation/lab 4/5.5/Job Shop/3d/pallet.dae", source: file:///C:/Program%20Files/AnyLogic%208.9%20Personal%20Learning%20Edition/plugins/com.anylogic.graphics3d_8.9.10.202609231424/static/init.js (13)
[0930/204019.242:INFO:CONSOLE(13)] "Loaded: file:C:/Users/barre/OneDrive/Documentos/Universidad/Compu_simulation/lab 4/5.5/Job Shop/3d/pallet.dae", source: file:///C:/Program%20Files/AnyLogic%208.9%20Personal%20Learning%20Edition/plugins/com.anylogic.graphics3d_8.9.10.202609231424/static/init.js (13)
[0930/204019.264:INFO:CONSOLE(13)] "THREE.ColladaLoader: File version 1.4.0", source: file:///C:/Program%20Files/AnyLogic%208.9%20Personal%20Learning%20Edition/plugins/com.anylogic.graphics3d_8.9.10.202609231424/static/init.js (13)
[0930/204019.266:INFO:CONSOLE(13)] "Loaded: file:C:/Users/barre/OneDrive/Documentos/Universidad/Compu_simulation/lab 4/5.5/Job Shop/3d/box_1_closed.dae", source: file:///C:/Program%20Files/AnyLogic%208.9%20Personal%20Learning%20Edition/plugins/com.anylogic.graphics3d_8.9.10.202609231424/static/init.js (13)
[0930/204019.277:INFO:CONSOLE(13)] "Loaded: file:C:/Users/barre/OneDrive/Documentos/Universidad/Compu_simulation/lab 4/5.5/Job Shop/3d/box_1_closed.dae", source: file:///C:/Program%20Files/AnyLogic%208.9%20Personal%20Learning%20Edition/plugins/com.anylogic.graphics3d_8.9.10.202609231424/static/init.js (13)
[0930/204019.318:INFO:CONSOLE(13)] "THREE.ColladaLoader: File version 1.4.0", source: file:///C:/Program%20Files/AnyLogic%208.9%20Personal%20Learning%20Edition/plugins/com.anylogic.graphics3d_8.9.10.202609231424/static/init.js (13)
[0930/204019.329:INFO:CONSOLE(13)] "Loaded: file:C:/Users/barre/OneDrive/Documentos/Universidad/Compu_simulation/lab 4/5.5/Job Shop/3d/truck.dae", source: file:///C:/Program%20Files/AnyLogic%208.9%20Personal%20Learning%20Edition/plugins/com.anylogic.graphics3d_8.9.10.202609231424/static/init.js (13)
[0930/204019.337:INFO:CONSOLE(13)] "Loaded: file:C:/Users/barre/OneDrive/Documentos/Universidad/Compu_simulation/lab 4/5.5/Job Shop/3d/truck.dae", source: file:///C:/Program%20Files/AnyLogic%208.9%20Personal%20Learning%20Edition/plugins/com.anylogic.graphics3d_8.9.10.202609231424/static/init.js (13)
[0930/204019.377:INFO:CONSOLE(13)] "THREE.ColladaLoader: File version 1.4.0", source: file:///C:/Program%20Files/AnyLogic%208.9%20Personal%20Learning%20Edition/plugins/com.anylogic.graphics3d_8.9.10.202609231424/static/init.js (13)
[0930/204019.382:INFO:CONSOLE(13)] "Loaded: file:C:/Users/barre/OneDrive/Documentos/Universidad/Compu_simulation/lab 4/5.5/Job Shop/3d/cnc_vertical_machining_center_2_state_1.dae", source: file:///C:/Program%20Files/AnyLogic%208.9%20Personal%20Learning%20Edition/plugins/com.anylogic.graphics3d_8.9.10.202609231424/static/init.js (13)
[0930/204019.388:INFO:CONSOLE(13)] "Loaded: file:C:/Users/barre/OneDrive/Documentos/Universidad/Compu_simulation/lab 4/5.5/Job Shop/3d/cnc_vertical_machining_center_2_state_1.dae", source: file:///C:/Program%20Files/AnyLogic%208.9%20Personal%20Learning%20Edition/plugins/com.anylogic.graphics3d_8.9.10.202609231424/static/init.js (13)
[0930/204019.409:INFO:CONSOLE(13)] "THREE.ColladaLoader: File version 1.4.0", source: file:///C:/Program%20Files/AnyLogic%208.9%20Personal%20Learning%20Edition/plugins/com.anylogic.graphics3d_8.9.10.202609231424/static/init.js (13)
[0930/204019.412:INFO:CONSOLE(13)] "Loaded: file:C:/Users/barre/OneDrive/Documentos/Universidad/Compu_simulation/lab 4/5.5/Job Shop/3d/cnc_vertical_machining_center_2_state_2.dae", source: file:///C:/Program%20Files/AnyLogic%208.9%20Personal%20Learning%20Edition/plugins/com.anylogic.graphics3d_8.9.10.202609231424/static/init.js (13)
[0930/204019.417:INFO:CONSOLE(13)] "Loaded: file:C:/Users/barre/OneDrive/Documentos/Universidad/Compu_simulation/lab 4/5.5/Job Shop/3d/cnc_vertical_machining_center_2_state_2.dae", source: file:///C:/Program%20Files/AnyLogic%208.9%20Personal%20Learning%20Edition/plugins/com.anylogic.graphics3d_8.9.10.202609231424/static/init.js (13)
[0930/204019.432:INFO:CONSOLE(13)] "THREE.ColladaLoader: File version 1.4.0", source: file:///C:/Program%20Files/AnyLogic%208.9%20Personal%20Learning%20Edition/plugins/com.anylogic.graphics3d_8.9.10.202609231424/static/init.js (13)
[0930/204019.446:INFO:CONSOLE(13)] "Loaded: file:C:/Users/barre/OneDrive/Documentos/Universidad/Compu_simulation/lab 4/5.5/Job Shop/3d/worker.dae", source: file:///C:/Program%20Files/AnyLogic%208.9%20Personal%20Learning%20Edition/plugins/com.anylogic.graphics3d_8.9.10.202609231424/static/init.js (13)
[0930/204019.452:INFO:CONSOLE(13)] "Loaded: file:C:/Users/barre/OneDrive/Documentos/Universidad/Compu_simulation/lab 4/5.5/Job Shop/3d/worker.dae", source: file:///C:/Program%20Files/AnyLogic%208.9%20Personal%20Learning%20Edition/plugins/com.anylogic.graphics3d_8.9.10.202609231424/static/init.js (13)
[0930/204150.669:ERROR:gpu_init.cc(523)] Passthrough is not supported, GL is disabled, ANGLE is 
